// Jest Snapshot v1, https://goo.gl/fbAQLP

exports[`cli should call inquierer with the correct questions 1`] = `
Array [
  Array [
    Object {
      "choices": Array [
        "foo",
      ],
      "message": "What would you like to create?",
      "name": "templateName",
      "type": "list",
    },
  ],
]
`;

exports[`cli should call inquierer with the correct questions 2`] = `
Array [
  Array [
    Object {
      "message": "What is your favourite letter?",
      "name": "LETTER",
      "type": "input",
      "validate": [Function],
    },
    Object {
      "message": "What is your name?",
      "name": "NAME",
      "type": "input",
      "validate": [Function],
    },
    Object {
      "message": "What is your favourite number?",
      "name": "NUMBER",
      "type": "input",
      "validate": [Function],
    },
  ],
]
`;
